%!Adobe-FontList 1.24
%Locale:0x412

%BeginFont
Handler:DirectoryHandler
FontType:Invalid
OutlineFileName:D:\Git\kead\css\Font\NanumSquareR.woff2
FileModTime:1734583836
%EndFont

%BeginFont
Handler:DirectoryHandler
FontType:Invalid
OutlineFileName:D:\Git\kead\css\Font\Pretendard-Bold.woff2
FileModTime:1728554696
%EndFont

%BeginFont
Handler:DirectoryHandler
FontType:Invalid
OutlineFileName:D:\Git\kead\css\Font\Pretendard-ExtraBold.woff2
FileModTime:1728554696
%EndFont

%BeginFont
Handler:DirectoryHandler
FontType:Invalid
OutlineFileName:D:\Git\kead\css\Font\Pretendard-Light.woff2
FileModTime:1728554696
%EndFont

%BeginFont
Handler:DirectoryHandler
FontType:Invalid
OutlineFileName:D:\Git\kead\css\Font\Pretendard-Medium.woff2
FileModTime:1728554696
%EndFont

%BeginFont
Handler:DirectoryHandler
FontType:Invalid
OutlineFileName:D:\Git\kead\css\Font\Pretendard-Regular.woff2
FileModTime:1728554696
%EndFont

%BeginFont
Handler:DirectoryHandler
FontType:Invalid
OutlineFileName:D:\Git\kead\css\Font\Pretendard-SemiBold.woff2
FileModTime:1728554696
%EndFont

